MO AXI_SPI_top NULL AXI_SPI_top.v vlg53/_a_x_i___s_p_i__top.bin 1494542773
MO axiToSpi NULL axiToSpi.v vlg7D/axi_to_spi.bin 1494542773
MO axiToSpi_rxFifo NULL axiToSpi_RxFifo.v vlg3E/axi_to_spi__rx_fifo.bin 1494542773
MO AXI_Lite_Writer NULL AXI_Lite_Writer.v vlg3B/_a_x_i___lite___writer.bin 1494239268
MO axiToSpi_fifo NULL ipcore_dir/axiToSpi_fifo.v vlg4C/axi_to_spi__fifo.bin 1494239287
MO axiToSpi_txFifo NULL axiToSpi_TxFifo.v vlg28/axi_to_spi__tx_fifo.bin 1494542773
MO M_SpiSender NULL M_SpiSender.v vlg5D/_m___spi_sender.bin 1494542773
MO addr_management NULL addr_management.v vlg0B/addr__management.bin 1494542773
